𐑑𐑧𐑕𐑑4+0 𐑑𐑧𐑕𐑑3+0 𐑑𐑧𐑕𐑑2+0 𐑑𐑧𐑕𐑑+0 
3 
𐑑𐑧𐑕𐑑4+0 𐑑𐑧𐑕𐑑3+32 𐑑𐑧𐑕𐑑2+0 𐑑𐑧𐑕𐑑+0 
𐑑𐑧𐑕𐑑4+0 𐑑𐑧𐑕𐑑3+0 𐑑𐑧𐑕𐑑2+4 𐑑𐑧𐑕𐑑+0 
3 
𐑑𐑧𐑕𐑑4+0 𐑑𐑧𐑕𐑑3+32 𐑑𐑧𐑕𐑑2+4 𐑑𐑧𐑕𐑑+0 
