𐑑𐑧𐑕𐑑4+0 𐑑𐑧𐑕𐑑3+8 𐑒𐑨𐑗+28 𐑒𐑨𐑗 (  ) 𐑑𐑧𐑕𐑑2+8 𐑑𐑧𐑕𐑑+0 
𐑑𐑧𐑕𐑑4+0 𐑑𐑧𐑕𐑑3+20 𐑒𐑨𐑗+28 𐑒𐑨𐑗 (  ) 𐑑𐑧𐑕𐑑2+8 𐑑𐑧𐑕𐑑+0 
𐑑𐑧𐑕𐑑3 𐑔𐑮𐑿 𐑧𐑒𐑕𐑧𐑐𐑖𐑩𐑯 26 
𐑑𐑧𐑕𐑑4+0 𐑑𐑧𐑕𐑑3+8 𐑑𐑧𐑕𐑑2+108 𐑑𐑧𐑕𐑑+0 
𐑑𐑧𐑕𐑑4+0 𐑑𐑧𐑕𐑑3+20 𐑑𐑧𐑕𐑑2+108 𐑑𐑧𐑕𐑑+0 
𐑳𐑯𐑒𐑷𐑑 𐑔𐑮𐑴 26 
